// Jest Snapshot v1, https://goo.gl/fbAQLP

exports[`Meta should match snapshot with custom title and description: custom-title-and-description 1`] = `
<DocumentFragment>
  <span
    hidden=""
    id="__chakra_env"
  />
</DocumentFragment>
`;

exports[`Meta should matches snapshot 1`] = `
<DocumentFragment>
  <span
    hidden=""
    id="__chakra_env"
  />
</DocumentFragment>
`;
