// Jest Snapshot v1, https://goo.gl/fbAQLP

exports[`TextareaField should matches snapshot 1`] = `
<DocumentFragment>
  .emotion-0 {
  width: 100%;
  position: relative;
  margin-top: var(--chakra-space-4);
  margin-bottom: var(--chakra-space-4);
}

.emotion-1 {
  display: block;
  text-align: start;
  font-size: var(--chakra-fontSizes-md);
  -webkit-margin-end: var(--chakra-space-3);
  margin-inline-end: var(--chakra-space-3);
  margin-bottom: var(--chakra-space-2);
  font-weight: var(--chakra-fontWeights-medium);
  transition-property: var(--chakra-transition-property-common);
  transition-duration: var(--chakra-transition-duration-normal);
  opacity: 1;
}

.emotion-1:disabled,
.emotion-1[disabled],
.emotion-1[aria-disabled=true],
.emotion-1[data-disabled] {
  opacity: 0.4;
}

.emotion-2 {
  width: 100%;
  min-width: 0px;
  outline: 2px solid transparent;
  outline-offset: 2px;
  position: relative;
  -webkit-appearance: none;
  -moz-appearance: none;
  -ms-appearance: none;
  appearance: none;
  transition-property: var(--chakra-transition-property-common);
  transition-duration: var(--chakra-transition-duration-normal);
  padding-top: var(--chakra-space-2);
  padding-bottom: var(--chakra-space-2);
  min-height: var(--chakra-sizes-20);
  line-height: var(--chakra-lineHeights-short);
  vertical-align: top;
  font-size: var(--chakra-fontSizes-md);
  -webkit-padding-start: var(--chakra-space-4);
  padding-inline-start: var(--chakra-space-4);
  -webkit-padding-end: var(--chakra-space-4);
  padding-inline-end: var(--chakra-space-4);
  height: var(--chakra-sizes-10);
  border-radius: var(--chakra-radii-md);
  border: 1px solid;
  border-color: inherit;
  background: inherit;
}

.emotion-2:disabled,
.emotion-2[disabled],
.emotion-2[aria-disabled=true],
.emotion-2[data-disabled] {
  opacity: 0.4;
  cursor: not-allowed;
}

.emotion-2:hover,
.emotion-2[data-hover] {
  border-color: var(--chakra-colors-gray-300);
}

.emotion-2[aria-readonly=true],
.emotion-2[readonly],
.emotion-2[data-readonly] {
  box-shadow: var(--chakra-shadows-none)!important;
  -webkit-user-select: all;
  -moz-user-select: all;
  -ms-user-select: all;
  user-select: all;
}

.emotion-2[aria-invalid=true],
.emotion-2[data-invalid] {
  border-color: #000000;
  box-shadow: 0 0 0 1px #000000;
}

.emotion-2:focus-visible,
.emotion-2[data-focus-visible] {
  z-index: 1;
  border-color: #3182ce;
  box-shadow: 0 0 0 1px #3182ce;
}

<div
    class="chakra-form-control emotion-0"
    role="group"
  >
    <label
      class="chakra-form__label emotion-1"
      for="Test Name"
      id="Test Name-label"
    >
      Test Label
    </label>
    <textarea
      class="chakra-textarea emotion-2"
      id="Test Name"
      name="Test Name"
    />
  </div>
  <span
    hidden=""
    id="__chakra_env"
  />
</DocumentFragment>
`;
