// Jest Snapshot v1, https://goo.gl/fbAQLP

exports[`EmptyListMessage should matches snapshot 1`] = `
<DocumentFragment>
  .emotion-0 {
  display: -webkit-box;
  display: -webkit-flex;
  display: -ms-flexbox;
  display: flex;
  -webkit-align-items: center;
  -webkit-box-align: center;
  -ms-flex-align: center;
  align-items: center;
  -webkit-box-pack: center;
  -ms-flex-pack: center;
  -webkit-justify-content: center;
  justify-content: center;
  -webkit-flex-direction: column;
  -ms-flex-direction: column;
  flex-direction: column;
  margin-top: var(--chakra-space-8);
  margin-bottom: var(--chakra-space-8);
}

.emotion-1 {
  width: 64px;
  margin-bottom: var(--chakra-space-6);
}

.emotion-2 {
  font-family: var(--chakra-fonts-heading);
  font-weight: var(--chakra-fontWeights-bold);
  font-size: var(--chakra-fontSizes-xl);
  line-height: 1.2;
}

<div
    class="emotion-0"
  >
    <img
      class="chakra-image emotion-1"
      role="presentation"
      src="/images/logo-js.png"
    />
    <h5
      class="chakra-heading emotion-2"
    >
      Ducky has nothing todo!
    </h5>
  </div>
  <span
    hidden=""
    id="__chakra_env"
  />
</DocumentFragment>
`;
