// Jest Snapshot v1, https://goo.gl/fbAQLP

exports[`LoginForm should matches snapshot 1`] = `
<DocumentFragment>
  <form
    class="chakra-stack css-b5leqj"
    novalidate=""
  >
    <div
      class="chakra-stack css-1au6mu0"
    >
      <div
        class="chakra-form-control css-1kxonj9"
        role="group"
      >
        <label
          class="chakra-form__label css-1ouynl9"
          for="email"
          id="email-label"
        >
          email.label
        </label>
        <input
          class="chakra-input css-9wkudj"
          id="email"
          name="email"
          type="email"
        />
      </div>
      <div
        class="chakra-form-control css-1kxonj9"
        role="group"
      >
        <label
          class="chakra-form__label css-1ouynl9"
          for="password"
          id="password-label"
        >
          password.label
        </label>
        <div
          class="chakra-input__group css-4302v8"
        >
          <div
            class="chakra-input__right-element css-ur97uj"
          >
            <button
              aria-label="Reveal password"
              class="chakra-button css-14grpeb"
              type="button"
            >
              <svg
                aria-hidden="true"
                fill="currentColor"
                focusable="false"
                height="1em"
                stroke="currentColor"
                stroke-width="0"
                viewBox="0 0 20 20"
                width="1em"
                xmlns="http://www.w3.org/2000/svg"
              >
                <path
                  d="M10 12a2 2 0 100-4 2 2 0 000 4z"
                />
                <path
                  clip-rule="evenodd"
                  d="M.458 10C1.732 5.943 5.522 3 10 3s8.268 2.943 9.542 7c-1.274 4.057-5.064 7-9.542 7S1.732 14.057.458 10zM14 10a4 4 0 11-8 0 4 4 0 018 0z"
                  fill-rule="evenodd"
                />
              </svg>
            </button>
          </div>
          <input
            aria-required="true"
            autocomplete="current-password"
            class="chakra-input css-1rorybn"
            id="password"
            name="password"
            required=""
            type="password"
          />
        </div>
      </div>
    </div>
    <div
      class="chakra-stack css-1oeb4ru"
    >
      <label
        class="chakra-checkbox css-1feyqmz"
        data-checked=""
      >
        <input
          checked=""
          class="chakra-checkbox__input"
          style="border: 0px; clip: rect(0px, 0px, 0px, 0px); height: 1px; width: 1px; margin: -1px; padding: 0px; overflow: hidden; white-space: nowrap; position: absolute;"
          type="checkbox"
          value=""
        />
        <span
          aria-hidden="true"
          class="chakra-checkbox__control css-57ksmd"
          data-checked=""
        >
          <div
            style="display: flex; align-items: center; justify-content: center; height: 100%; transform: none;"
          >
            <svg
              class="css-1x1o9fj"
              opacity="1"
              stroke-dashoffset="0"
              style="fill: none; stroke-width: 2; stroke: currentColor; stroke-dasharray: 16;"
              viewBox="0 0 12 10"
            >
              <polyline
                points="1.5 6 4.5 9 10.5 1"
              />
            </svg>
          </div>
        </span>
        <span
          class="chakra-checkbox__label css-mq5zsn"
          data-checked=""
        >
          Remember me
        </span>
      </label>
      <button
        class="chakra-button css-13pffa4"
        type="button"
      >
        Forgot password?
      </button>
    </div>
    <div
      class="chakra-stack css-b5leqj"
    >
      <button
        class="chakra-button css-1rnaulk"
        type="submit"
      >
        submit.label
      </button>
    </div>
  </form>
  <span
    hidden=""
    id="__chakra_env"
  />
</DocumentFragment>
`;
