// Jest Snapshot v1, https://goo.gl/fbAQLP

exports[`LoginForm should matches snapshot 1`] = `
<DocumentFragment>
  .emotion-0 {
  display: -webkit-box;
  display: -webkit-flex;
  display: -ms-flexbox;
  display: flex;
  -webkit-flex-direction: column;
  -ms-flex-direction: column;
  flex-direction: column;
  gap: var(--chakra-space-6);
}

.emotion-1 {
  display: -webkit-box;
  display: -webkit-flex;
  display: -ms-flexbox;
  display: flex;
  -webkit-flex-direction: column;
  -ms-flex-direction: column;
  flex-direction: column;
  gap: var(--chakra-space-5);
}

.emotion-2 {
  width: 100%;
  position: relative;
}

.emotion-3 {
  display: block;
  text-align: start;
  font-size: var(--chakra-fontSizes-md);
  -webkit-margin-end: var(--chakra-space-3);
  margin-inline-end: var(--chakra-space-3);
  margin-bottom: var(--chakra-space-2);
  font-weight: var(--chakra-fontWeights-medium);
  transition-property: var(--chakra-transition-property-common);
  transition-duration: var(--chakra-transition-duration-normal);
  opacity: 1;
}

.emotion-3:disabled,
.emotion-3[disabled],
.emotion-3[aria-disabled=true],
.emotion-3[data-disabled] {
  opacity: 0.4;
}

.emotion-4 {
  width: 100%;
  height: var(--input-height);
  font-size: var(--input-font-size);
  -webkit-padding-start: var(--input-padding);
  padding-inline-start: var(--input-padding);
  -webkit-padding-end: var(--input-padding);
  padding-inline-end: var(--input-padding);
  border-radius: var(--input-border-radius);
  min-width: 0px;
  outline: 2px solid transparent;
  outline-offset: 2px;
  position: relative;
  -webkit-appearance: none;
  -moz-appearance: none;
  -ms-appearance: none;
  appearance: none;
  transition-property: var(--chakra-transition-property-common);
  transition-duration: var(--chakra-transition-duration-normal);
  --input-font-size: var(--chakra-fontSizes-md);
  --input-padding: var(--chakra-space-4);
  --input-border-radius: var(--chakra-radii-md);
  --input-height: var(--chakra-sizes-10);
  border: 1px solid;
  border-color: inherit;
  background: inherit;
}

.emotion-4:disabled,
.emotion-4[disabled],
.emotion-4[aria-disabled=true],
.emotion-4[data-disabled] {
  opacity: 0.4;
  cursor: not-allowed;
}

.emotion-4:hover,
.emotion-4[data-hover] {
  border-color: var(--chakra-colors-gray-300);
}

.emotion-4[aria-readonly=true],
.emotion-4[readonly],
.emotion-4[data-readonly] {
  box-shadow: var(--chakra-shadows-none)!important;
  -webkit-user-select: all;
  -moz-user-select: all;
  -ms-user-select: all;
  user-select: all;
}

.emotion-4[aria-invalid=true],
.emotion-4[data-invalid] {
  border-color: #E53E3E;
  box-shadow: 0 0 0 1px #E53E3E;
}

.emotion-4:focus-visible,
.emotion-4[data-focus-visible] {
  z-index: 1;
  border-color: #3182ce;
  box-shadow: 0 0 0 1px #3182ce;
}

.emotion-7 {
  width: 100%;
  display: -webkit-box;
  display: -webkit-flex;
  display: -ms-flexbox;
  display: flex;
  position: relative;
  isolation: isolate;
  --input-font-size: var(--chakra-fontSizes-md);
  --input-padding: var(--chakra-space-4);
  --input-border-radius: var(--chakra-radii-md);
  --input-height: var(--chakra-sizes-10);
}

.emotion-8 {
  width: 100%;
  height: var(--input-height);
  font-size: var(--input-font-size);
  -webkit-padding-start: var(--input-padding);
  padding-inline-start: var(--input-padding);
  -webkit-padding-end: var(--input-height);
  padding-inline-end: var(--input-height);
  border-radius: var(--input-border-radius);
  min-width: 0px;
  outline: 2px solid transparent;
  outline-offset: 2px;
  position: relative;
  -webkit-appearance: none;
  -moz-appearance: none;
  -ms-appearance: none;
  appearance: none;
  transition-property: var(--chakra-transition-property-common);
  transition-duration: var(--chakra-transition-duration-normal);
  --input-font-size: var(--chakra-fontSizes-md);
  --input-padding: var(--chakra-space-4);
  --input-border-radius: var(--chakra-radii-md);
  --input-height: var(--chakra-sizes-10);
  border: 1px solid;
  border-color: inherit;
  background: inherit;
}

.emotion-8:disabled,
.emotion-8[disabled],
.emotion-8[aria-disabled=true],
.emotion-8[data-disabled] {
  opacity: 0.4;
  cursor: not-allowed;
}

.emotion-8:hover,
.emotion-8[data-hover] {
  border-color: var(--chakra-colors-gray-300);
}

.emotion-8[aria-readonly=true],
.emotion-8[readonly],
.emotion-8[data-readonly] {
  box-shadow: var(--chakra-shadows-none)!important;
  -webkit-user-select: all;
  -moz-user-select: all;
  -ms-user-select: all;
  user-select: all;
}

.emotion-8[aria-invalid=true],
.emotion-8[data-invalid] {
  border-color: #E53E3E;
  box-shadow: 0 0 0 1px #E53E3E;
}

.emotion-8:focus-visible,
.emotion-8[data-focus-visible] {
  z-index: 1;
  border-color: #3182ce;
  box-shadow: 0 0 0 1px #3182ce;
}

.emotion-9 {
  right: 0;
  width: var(--input-height);
  height: var(--input-height);
  font-size: var(--input-font-size);
  display: -webkit-box;
  display: -webkit-flex;
  display: -ms-flexbox;
  display: flex;
  -webkit-align-items: center;
  -webkit-box-align: center;
  -ms-flex-align: center;
  align-items: center;
  -webkit-box-pack: center;
  -ms-flex-pack: center;
  -webkit-justify-content: center;
  justify-content: center;
  position: absolute;
  top: 0px;
  z-index: 2;
}

.emotion-10 {
  display: -webkit-inline-box;
  display: -webkit-inline-flex;
  display: -ms-inline-flexbox;
  display: inline-flex;
  -webkit-appearance: none;
  -moz-appearance: none;
  -ms-appearance: none;
  appearance: none;
  -webkit-align-items: center;
  -webkit-box-align: center;
  -ms-flex-align: center;
  align-items: center;
  -webkit-box-pack: center;
  -ms-flex-pack: center;
  -webkit-justify-content: center;
  justify-content: center;
  -webkit-user-select: none;
  -moz-user-select: none;
  -ms-user-select: none;
  user-select: none;
  position: relative;
  white-space: nowrap;
  vertical-align: baseline;
  outline: 2px solid transparent;
  outline-offset: 2px;
  line-height: var(--chakra-lineHeights-normal);
  border-radius: var(--chakra-radii-md);
  font-weight: var(--chakra-fontWeights-semibold);
  transition-property: var(--chakra-transition-property-common);
  transition-duration: var(--chakra-transition-duration-normal);
  height: auto;
  min-width: var(--chakra-sizes-10);
  font-size: var(--chakra-fontSizes-md);
  -webkit-padding-start: var(--chakra-space-4);
  padding-inline-start: var(--chakra-space-4);
  -webkit-padding-end: var(--chakra-space-4);
  padding-inline-end: var(--chakra-space-4);
  color: var(--chakra-colors-gray-500);
  padding: 0px;
}

.emotion-10:focus-visible,
.emotion-10[data-focus-visible] {
  box-shadow: var(--chakra-shadows-outline);
}

.emotion-10:disabled,
.emotion-10[disabled],
.emotion-10[aria-disabled=true],
.emotion-10[data-disabled] {
  opacity: 0.4;
  cursor: not-allowed;
  box-shadow: var(--chakra-shadows-none);
}

.emotion-10:hover,
.emotion-10[data-hover] {
  -webkit-text-decoration: underline;
  text-decoration: underline;
}

.emotion-10:hover:disabled,
.emotion-10[data-hover]:disabled,
.emotion-10:hover[disabled],
.emotion-10[data-hover][disabled],
.emotion-10:hover[aria-disabled=true],
.emotion-10[data-hover][aria-disabled=true],
.emotion-10:hover[data-disabled],
.emotion-10[data-hover][data-disabled] {
  background: initial;
  -webkit-text-decoration: none;
  text-decoration: none;
}

.emotion-10:active,
.emotion-10[data-active] {
  color: var(--chakra-colors-gray-700);
}

.emotion-11 {
  display: -webkit-box;
  display: -webkit-flex;
  display: -ms-flexbox;
  display: flex;
  -webkit-align-items: center;
  -webkit-box-align: center;
  -ms-flex-align: center;
  align-items: center;
  -webkit-box-pack: justify;
  -webkit-justify-content: space-between;
  justify-content: space-between;
  -webkit-flex-direction: row;
  -ms-flex-direction: row;
  flex-direction: row;
  gap: 0.5rem;
}

.emotion-12 {
  cursor: pointer;
  display: -webkit-inline-box;
  display: -webkit-inline-flex;
  display: -ms-inline-flexbox;
  display: inline-flex;
  -webkit-align-items: center;
  -webkit-box-align: center;
  -ms-flex-align: center;
  align-items: center;
  vertical-align: top;
  position: relative;
}

.emotion-12:disabled,
.emotion-12[disabled],
.emotion-12[aria-disabled=true],
.emotion-12[data-disabled] {
  cursor: not-allowed;
}

.emotion-13 {
  display: -webkit-inline-box;
  display: -webkit-inline-flex;
  display: -ms-inline-flexbox;
  display: inline-flex;
  -webkit-align-items: center;
  -webkit-box-align: center;
  -ms-flex-align: center;
  align-items: center;
  -webkit-box-pack: center;
  -ms-flex-pack: center;
  -webkit-justify-content: center;
  justify-content: center;
  vertical-align: top;
  -webkit-user-select: none;
  -moz-user-select: none;
  -ms-user-select: none;
  user-select: none;
  -webkit-flex-shrink: 0;
  -ms-flex-negative: 0;
  flex-shrink: 0;
  width: var(--checkbox-size);
  height: var(--checkbox-size);
  transition-property: box-shadow;
  transition-duration: var(--chakra-transition-duration-normal);
  border: 2px solid;
  border-radius: var(--chakra-radii-sm);
  border-color: inherit;
  color: var(--chakra-colors-white);
  --checkbox-size: var(--chakra-sizes-4);
}

.emotion-13[aria-checked=true],
.emotion-13[data-checked] {
  background: var(--chakra-colors-red-500);
  border-color: var(--chakra-colors-red-500);
  color: var(--chakra-colors-white);
}

.emotion-13[aria-checked=true]:hover,
.emotion-13[data-checked]:hover,
.emotion-13[aria-checked=true][data-hover],
.emotion-13[data-checked][data-hover] {
  background: var(--chakra-colors-red-600);
  border-color: var(--chakra-colors-red-600);
}

.emotion-13[aria-checked=true]:disabled,
.emotion-13[data-checked]:disabled,
.emotion-13[aria-checked=true][disabled],
.emotion-13[data-checked][disabled],
.emotion-13[aria-checked=true][aria-disabled=true],
.emotion-13[data-checked][aria-disabled=true],
.emotion-13[aria-checked=true][data-disabled],
.emotion-13[data-checked][data-disabled] {
  border-color: var(--chakra-colors-gray-200);
  background: var(--chakra-colors-gray-200);
  color: var(--chakra-colors-gray-500);
}

.emotion-13:indeterminate,
.emotion-13[aria-checked=mixed],
.emotion-13[data-indeterminate] {
  background: var(--chakra-colors-red-500);
  border-color: var(--chakra-colors-red-500);
  color: var(--chakra-colors-white);
}

.emotion-13:disabled,
.emotion-13[disabled],
.emotion-13[aria-disabled=true],
.emotion-13[data-disabled] {
  background: var(--chakra-colors-gray-100);
  border-color: var(--chakra-colors-gray-100);
}

.emotion-13:focus-visible,
.emotion-13[data-focus-visible] {
  box-shadow: var(--chakra-shadows-outline);
}

.emotion-13[aria-invalid=true],
.emotion-13[data-invalid] {
  border-color: var(--chakra-colors-red-500);
}

.emotion-15 {
  font-size: var(--chakra-fontSizes-2xs);
  transition-property: transform;
  transition-duration: var(--chakra-transition-duration-normal);
  width: 1.2em;
}

.emotion-16 {
  -webkit-margin-start: 0.5rem;
  margin-inline-start: 0.5rem;
  -webkit-user-select: none;
  -moz-user-select: none;
  -ms-user-select: none;
  user-select: none;
  font-size: var(--chakra-fontSizes-md);
}

.emotion-16:disabled,
.emotion-16[disabled],
.emotion-16[aria-disabled=true],
.emotion-16[data-disabled] {
  opacity: 0.4;
}

.emotion-17 {
  display: -webkit-inline-box;
  display: -webkit-inline-flex;
  display: -ms-inline-flexbox;
  display: inline-flex;
  -webkit-appearance: none;
  -moz-appearance: none;
  -ms-appearance: none;
  appearance: none;
  -webkit-align-items: center;
  -webkit-box-align: center;
  -ms-flex-align: center;
  align-items: center;
  -webkit-box-pack: center;
  -ms-flex-pack: center;
  -webkit-justify-content: center;
  justify-content: center;
  -webkit-user-select: none;
  -moz-user-select: none;
  -ms-user-select: none;
  user-select: none;
  position: relative;
  white-space: nowrap;
  vertical-align: baseline;
  outline: 2px solid transparent;
  outline-offset: 2px;
  line-height: var(--chakra-lineHeights-normal);
  border-radius: var(--chakra-radii-md);
  font-weight: var(--chakra-fontWeights-semibold);
  transition-property: var(--chakra-transition-property-common);
  transition-duration: var(--chakra-transition-duration-normal);
  height: auto;
  min-width: var(--chakra-sizes-8);
  font-size: var(--chakra-fontSizes-sm);
  -webkit-padding-start: var(--chakra-space-3);
  padding-inline-start: var(--chakra-space-3);
  -webkit-padding-end: var(--chakra-space-3);
  padding-inline-end: var(--chakra-space-3);
  padding: 0px;
  color: var(--chakra-colors-red-500);
}

.emotion-17:focus-visible,
.emotion-17[data-focus-visible] {
  box-shadow: var(--chakra-shadows-outline);
}

.emotion-17:disabled,
.emotion-17[disabled],
.emotion-17[aria-disabled=true],
.emotion-17[data-disabled] {
  opacity: 0.4;
  cursor: not-allowed;
  box-shadow: var(--chakra-shadows-none);
}

.emotion-17:hover,
.emotion-17[data-hover] {
  -webkit-text-decoration: underline;
  text-decoration: underline;
}

.emotion-17:hover:disabled,
.emotion-17[data-hover]:disabled,
.emotion-17:hover[disabled],
.emotion-17[data-hover][disabled],
.emotion-17:hover[aria-disabled=true],
.emotion-17[data-hover][aria-disabled=true],
.emotion-17:hover[data-disabled],
.emotion-17[data-hover][data-disabled] {
  background: initial;
  -webkit-text-decoration: none;
  text-decoration: none;
}

.emotion-17:active,
.emotion-17[data-active] {
  color: var(--chakra-colors-red-700);
}

.emotion-19 {
  display: -webkit-inline-box;
  display: -webkit-inline-flex;
  display: -ms-inline-flexbox;
  display: inline-flex;
  -webkit-appearance: none;
  -moz-appearance: none;
  -ms-appearance: none;
  appearance: none;
  -webkit-align-items: center;
  -webkit-box-align: center;
  -ms-flex-align: center;
  align-items: center;
  -webkit-box-pack: center;
  -ms-flex-pack: center;
  -webkit-justify-content: center;
  justify-content: center;
  -webkit-user-select: none;
  -moz-user-select: none;
  -ms-user-select: none;
  user-select: none;
  position: relative;
  white-space: nowrap;
  vertical-align: middle;
  outline: 2px solid transparent;
  outline-offset: 2px;
  line-height: 1.2;
  border-radius: var(--chakra-radii-md);
  font-weight: var(--chakra-fontWeights-semibold);
  transition-property: var(--chakra-transition-property-common);
  transition-duration: var(--chakra-transition-duration-normal);
  height: var(--chakra-sizes-10);
  min-width: var(--chakra-sizes-10);
  font-size: var(--chakra-fontSizes-md);
  -webkit-padding-start: var(--chakra-space-4);
  padding-inline-start: var(--chakra-space-4);
  -webkit-padding-end: var(--chakra-space-4);
  padding-inline-end: var(--chakra-space-4);
  background: var(--chakra-colors-red-500);
  color: var(--chakra-colors-white);
}

.emotion-19:focus-visible,
.emotion-19[data-focus-visible] {
  box-shadow: var(--chakra-shadows-outline);
}

.emotion-19:disabled,
.emotion-19[disabled],
.emotion-19[aria-disabled=true],
.emotion-19[data-disabled] {
  opacity: 0.4;
  cursor: not-allowed;
  box-shadow: var(--chakra-shadows-none);
}

.emotion-19:hover,
.emotion-19[data-hover] {
  background: var(--chakra-colors-red-600);
}

.emotion-19:hover:disabled,
.emotion-19[data-hover]:disabled,
.emotion-19:hover[disabled],
.emotion-19[data-hover][disabled],
.emotion-19:hover[aria-disabled=true],
.emotion-19[data-hover][aria-disabled=true],
.emotion-19:hover[data-disabled],
.emotion-19[data-hover][data-disabled] {
  background: var(--chakra-colors-red-500);
}

.emotion-19:active,
.emotion-19[data-active] {
  background: var(--chakra-colors-red-700);
}

<form
    class="chakra-stack emotion-0"
    novalidate=""
  >
    <div
      class="chakra-stack emotion-1"
    >
      <div
        class="chakra-form-control emotion-2"
        role="group"
      >
        <label
          class="chakra-form__label emotion-3"
          for="email"
          id="email-label"
        >
          email.label
        </label>
        <input
          class="chakra-input emotion-4"
          id="email"
          name="email"
          type="email"
        />
      </div>
      <div
        class="chakra-form-control emotion-2"
        role="group"
      >
        <label
          class="chakra-form__label emotion-3"
          for="password"
          id="password-label"
        >
          password.label
        </label>
        <div
          class="chakra-input__group emotion-7"
          data-group="true"
        >
          <input
            aria-required="true"
            autocomplete="current-password"
            class="chakra-input emotion-8"
            id="password"
            name="password"
            required=""
            type="password"
          />
          <div
            class="chakra-input__right-element emotion-9"
          >
            <button
              aria-label="Reveal password"
              class="chakra-button emotion-10"
              type="button"
            >
              <svg
                aria-hidden="true"
                fill="currentColor"
                focusable="false"
                height="1em"
                stroke="currentColor"
                stroke-width="0"
                viewBox="0 0 20 20"
                width="1em"
                xmlns="http://www.w3.org/2000/svg"
              >
                <path
                  d="M10 12a2 2 0 100-4 2 2 0 000 4z"
                />
                <path
                  clip-rule="evenodd"
                  d="M.458 10C1.732 5.943 5.522 3 10 3s8.268 2.943 9.542 7c-1.274 4.057-5.064 7-9.542 7S1.732 14.057.458 10zM14 10a4 4 0 11-8 0 4 4 0 018 0z"
                  fill-rule="evenodd"
                />
              </svg>
            </button>
          </div>
        </div>
      </div>
    </div>
    <div
      class="chakra-stack emotion-11"
    >
      <label
        class="chakra-checkbox emotion-12"
        data-checked=""
      >
        <input
          checked=""
          class="chakra-checkbox__input"
          style="border: 0px; clip: rect(0px, 0px, 0px, 0px); height: 1px; width: 1px; margin: -1px; padding: 0px; overflow: hidden; white-space: nowrap; position: absolute;"
          type="checkbox"
          value=""
        />
        <span
          aria-hidden="true"
          class="chakra-checkbox__control emotion-13"
          data-checked=""
        >
          <div
            class="emotion-14"
            style="display: flex; align-items: center; justify-content: center; height: 100%;"
          >
            <svg
              class="emotion-15"
              style="fill: none; stroke-width: 2; stroke: currentColor; stroke-dasharray: 16;"
              viewBox="0 0 12 10"
            >
              <polyline
                points="1.5 6 4.5 9 10.5 1"
              />
            </svg>
          </div>
        </span>
        <span
          class="chakra-checkbox__label emotion-16"
          data-checked=""
        >
          Remember me
        </span>
      </label>
      <button
        class="chakra-button emotion-17"
        type="button"
      >
        Forgot password?
      </button>
    </div>
    <div
      class="chakra-stack emotion-0"
    >
      <button
        class="chakra-button emotion-19"
        type="submit"
      >
        submit.label
      </button>
    </div>
  </form>
  <span
    hidden=""
    id="__chakra_env"
  />
</DocumentFragment>
`;
